Resolving dependencies...
Downloading packages...
  archive 3.6.1 (4.0.9 available)
  file_picker 8.3.7 (11.0.2 available)
  fl_chart 0.68.0 (1.2.0 available)
  flutter_lints 3.0.2 (6.0.0 available)
  flutter_plugin_android_lifecycle 2.0.24 (2.0.35 available)
  intl 0.19.0 (0.20.2 available)
  lints 3.0.0 (6.1.0 available)
  matcher 0.12.19 (0.12.20 available)
  meta 1.18.0 (1.18.3 available)
  package_config 2.2.0 (3.0.0 available)
  test_api 0.7.11 (0.7.12 available)
  vector_math 2.2.0 (2.4.0 available)
  win32 5.15.0 (6.3.0 available)
  xml 6.6.1 (7.0.1 available)
Got dependencies!
14 packages have newer versions incompatible with dependency constraints.
Try `flutter pub outdated` for more information.
Running Gradle task 'assembleRelease'...                        
Font asset "MaterialIcons-Regular.otf" was tree-shaken, reducing it from 1645184 to 7744 bytes (99.5% reduction). Tree-shaking can be disabled by providing the --no-tree-shake-icons flag when building your app.
Running Gradle task 'assembleRelease'...                          340.3s
✓ Built build/app/outputs/flutter-apk/app-release.apk (20.8MB)
